

================================================================
== Vivado HLS Report for 'CORRELATE_2'
================================================================
* Date:           Fri Dec 15 20:47:54 2023

* Version:        2019.1 (Build 2552052 on Fri May 24 15:28:33 MDT 2019)
* Project:        FSRCNN_V1
* Solution:       solution1
* Product family: zynq
* Target device:  xc7z020-clg400-1


================================================================
== Performance Estimates
================================================================
+ Timing (ns): 
    * Summary: 
    +--------+-------+----------+------------+
    |  Clock | Target| Estimated| Uncertainty|
    +--------+-------+----------+------------+
    |ap_clk  |  10.00|     8.702|        1.25|
    +--------+-------+----------+------------+

+ Latency (clock cycles): 
    * Summary: 
    +------+------+------+------+---------+
    |   Latency   |   Interval  | Pipeline|
    |  min |  max |  min |  max |   Type  |
    +------+------+------+------+---------+
    |  3201|  8001|  3201|  8001|   none  |
    +------+------+------+------+---------+

    + Detail: 
        * Instance: 
        N/A

        * Loop: 
        +----------+------+------+----------+-----------+-----------+------+----------+
        |          |   Latency   | Iteration|  Initiation Interval  | Trip |          |
        | Loop Name|  min |  max |  Latency |  achieved |   target  | Count| Pipelined|
        +----------+------+------+----------+-----------+-----------+------+----------+
        |- Loop 1  |  3200|  8000|   2 ~ 5  |          -|          -|  1600|    no    |
        +----------+------+------+----------+-----------+-----------+------+----------+



================================================================
== Utilization Estimates
================================================================
* Summary: 
+-----------------+---------+-------+--------+-------+-----+
|       Name      | BRAM_18K| DSP48E|   FF   |  LUT  | URAM|
+-----------------+---------+-------+--------+-------+-----+
|DSP              |        -|      1|       -|      -|    -|
|Expression       |        -|      0|       0|    403|    -|
|FIFO             |        -|      -|       -|      -|    -|
|Instance         |        -|      -|       -|      -|    -|
|Memory           |        -|      -|       -|      -|    -|
|Multiplexer      |        -|      -|       -|     74|    -|
|Register         |        -|      -|     225|      -|    -|
+-----------------+---------+-------+--------+-------+-----+
|Total            |        0|      1|     225|    477|    0|
+-----------------+---------+-------+--------+-------+-----+
|Available        |      280|    220|  106400|  53200|    0|
+-----------------+---------+-------+--------+-------+-----+
|Utilization (%)  |        0|   ~0  |   ~0   |   ~0  |    0|
+-----------------+---------+-------+--------+-------+-----+

+ Detail: 
    * Instance: 
    N/A

    * DSP48E: 
    +-------------------------+----------------------+-----------+
    |         Instance        |        Module        | Expression|
    +-------------------------+----------------------+-----------+
    |FSRCNN_mul_mul_7sbkb_U1  |FSRCNN_mul_mul_7sbkb  |  i0 * i1  |
    +-------------------------+----------------------+-----------+

    * Memory: 
    N/A

    * FIFO: 
    N/A

    * Expression: 
    +-------------------------+----------+-------+---+----+------------+------------+
    |      Variable Name      | Operation| DSP48E| FF| LUT| Bitwidth P0| Bitwidth P1|
    +-------------------------+----------+-------+---+----+------------+------------+
    |mul_ln50_fu_211_p2       |     *    |      0|  0|  26|           6|           5|
    |add_ln1116_2_fu_316_p2   |     +    |      0|  0|   8|          12|          12|
    |add_ln1116_fu_310_p2     |     +    |      0|  0|   8|          12|          12|
    |add_ln49_fu_183_p2       |     +    |      0|  0|  30|          12|          23|
    |add_ln65_fu_261_p2       |     +    |      0|  0|  15|           6|           6|
    |add_ln71_1_fu_448_p2     |     +    |      0|  0|  13|          11|           1|
    |add_ln71_fu_428_p2       |     +    |      0|  0|  13|          11|           1|
    |index_filter_fu_409_p2   |     +    |      0|  0|  39|          32|           1|
    |index_fu_177_p2          |     +    |      0|  0|  13|          11|           1|
    |k_y_fu_225_p2            |     +    |      0|  0|  15|           7|           7|
    |ret_V_fu_392_p2          |     +    |      0|  0|  32|          25|          25|
    |and_ln65_fu_279_p2       |    and   |      0|  0|   2|           1|           1|
    |icmp_ln46_fu_171_p2      |   icmp   |      0|  0|  13|          11|          10|
    |icmp_ln55_1_fu_245_p2    |   icmp   |      0|  0|   9|           3|           1|
    |icmp_ln55_fu_239_p2      |   icmp   |      0|  0|  11|           5|           3|
    |icmp_ln65_1_fu_273_p2    |   icmp   |      0|  0|   9|           3|           4|
    |icmp_ln65_fu_267_p2      |   icmp   |      0|  0|  11|           6|           3|
    |icmp_ln71_1_fu_454_p2    |   icmp   |      0|  0|  13|          11|           5|
    |icmp_ln71_fu_434_p2      |   icmp   |      0|  0|  13|          11|           3|
    |select_ln55_1_fu_337_p3  |  select  |      0|  0|  32|           1|          32|
    |select_ln55_2_fu_362_p3  |  select  |      0|  0|  12|           1|           1|
    |select_ln55_3_fu_369_p3  |  select  |      0|  0|  12|           1|          12|
    |select_ln55_fu_330_p3    |  select  |      0|  0|  32|           1|           1|
    |select_ln71_1_fu_460_p3  |  select  |      0|  0|  11|           1|          11|
    |select_ln71_fu_440_p3    |  select  |      0|  0|  11|           1|          11|
    +-------------------------+----------+-------+---+----+------------+------------+
    |Total                    |          |      0|  0| 403|         202|         192|
    +-------------------------+----------+-------+---+----+------------+------------+

    * Multiplexer: 
    +--------------------+----+-----------+-----+-----------+
    |        Name        | LUT| Input Size| Bits| Total Bits|
    +--------------------+----+-----------+-----+-----------+
    |ap_NS_fsm           |  38|          7|    1|          7|
    |index_0_reg_125     |   9|          2|   11|         22|
    |phi_mul_reg_136     |   9|          2|   23|         46|
    |phi_urem33_reg_159  |   9|          2|   11|         22|
    |phi_urem_reg_147    |   9|          2|   11|         22|
    +--------------------+----+-----------+-----+-----------+
    |Total               |  74|         15|   57|        119|
    +--------------------+----+-----------+-----+-----------+

    * Register: 
    +-------------------------------+----+----+-----+-----------+
    |              Name             | FF | LUT| Bits| Const Bits|
    +-------------------------------+----+----+-----+-----------+
    |add_ln49_reg_494               |  23|   0|   23|          0|
    |and_ln65_reg_531               |   1|   0|    1|          0|
    |ap_CS_fsm                      |   6|   0|    6|          0|
    |icmp_ln55_1_reg_519            |   1|   0|    1|          0|
    |icmp_ln55_reg_513              |   1|   0|    1|          0|
    |index_0_reg_125                |  11|   0|   11|          0|
    |index_filter_1_fu_78           |  32|   0|   32|          0|
    |index_reg_489                  |  11|   0|   11|          0|
    |k_y_reg_504                    |   7|   0|    7|          0|
    |phi_mul_reg_136                |  23|   0|   23|          0|
    |phi_urem33_reg_159             |  11|   0|   11|          0|
    |phi_urem_reg_147               |  11|   0|   11|          0|
    |prev_output_channel_1_reg_545  |  12|   0|   12|          0|
    |r_V_reg_555                    |  19|   0|   19|          0|
    |select_ln55_1_reg_540          |  32|   0|   32|          0|
    |sum_V_1_fu_82                  |  12|   0|   12|          0|
    |tmp_87_reg_509                 |   1|   0|    1|          0|
    |tmp_88_reg_525                 |   4|   0|    4|          0|
    |tmp_reg_499                    |   7|   0|    7|          0|
    +-------------------------------+----+----+-----+-----------+
    |Total                          | 225|   0|  225|          0|
    +-------------------------------+----+----+-----+-----------+



================================================================
== Interface
================================================================
* Summary: 
+--------------------------------+-----+-----+------------+-----------------------+--------------+
|            RTL Ports           | Dir | Bits|  Protocol  |     Source Object     |    C Type    |
+--------------------------------+-----+-----+------------+-----------------------+--------------+
|ap_clk                          |  in |    1| ap_ctrl_hs |      CORRELATE.2      | return value |
|ap_rst                          |  in |    1| ap_ctrl_hs |      CORRELATE.2      | return value |
|ap_start                        |  in |    1| ap_ctrl_hs |      CORRELATE.2      | return value |
|ap_done                         | out |    1| ap_ctrl_hs |      CORRELATE.2      | return value |
|ap_idle                         | out |    1| ap_ctrl_hs |      CORRELATE.2      | return value |
|ap_ready                        | out |    1| ap_ctrl_hs |      CORRELATE.2      | return value |
|prev_output_channel_V_address0  | out |   13|  ap_memory | prev_output_channel_V |     array    |
|prev_output_channel_V_ce0       | out |    1|  ap_memory | prev_output_channel_V |     array    |
|prev_output_channel_V_q0        |  in |   12|  ap_memory | prev_output_channel_V |     array    |
|filter_V_address0               | out |    5|  ap_memory |        filter_V       |     array    |
|filter_V_ce0                    | out |    1|  ap_memory |        filter_V       |     array    |
|filter_V_q0                     |  in |    7|  ap_memory |        filter_V       |     array    |
|correlate_img_V_address0        | out |    6|  ap_memory |    correlate_img_V    |     array    |
|correlate_img_V_ce0             | out |    1|  ap_memory |    correlate_img_V    |     array    |
|correlate_img_V_we0             | out |    1|  ap_memory |    correlate_img_V    |     array    |
|correlate_img_V_d0              | out |   12|  ap_memory |    correlate_img_V    |     array    |
+--------------------------------+-----+-----+------------+-----------------------+--------------+

