

================================================================
== Vivado HLS Report for 'FSRCNN'
================================================================
* Date:           Fri Dec 15 20:48:32 2023

* Version:        2019.1 (Build 2552052 on Fri May 24 15:28:33 MDT 2019)
* Project:        FSRCNN_V1
* Solution:       solution1
* Product family: zynq
* Target device:  xc7z020-clg400-1


================================================================
== Performance Estimates
================================================================
+ Timing (ns): 
    * Summary: 
    +--------+-------+----------+------------+
    |  Clock | Target| Estimated| Uncertainty|
    +--------+-------+----------+------------+
    |ap_clk  |  10.00|     9.634|        1.25|
    +--------+-------+----------+------------+

+ Latency (clock cycles): 
    * Summary: 
    +----------+----------+----------+----------+----------+
    |       Latency       |       Interval      | Pipeline |
    |    min   |    max   |    min   |    max   |   Type   |
    +----------+----------+----------+----------+----------+
    |  20473506|  55373730|  20472578|  55372682| dataflow |
    +----------+----------+----------+----------+----------+

    + Detail: 
        * Instance: 
        +-------------------+----------------+----------+----------+----------+----------+---------+
        |                   |                |       Latency       |       Interval      | Pipeline|
        |      Instance     |     Module     |    min   |    max   |    min   |    max   |   Type  |
        +-------------------+----------------+----------+----------+----------+----------+---------+
        |layer3_U0          |layer3          |     57289|  31433161|     57289|  31433161|   none  |
        |layer8_U0          |layer8          |     73855|  55372681|     73855|  55372681|   none  |
        |layer6_U0          |layer6          |     57223|  34168663|     57223|  34168663|   none  |
        |layer4_U0          |layer4          |     57289|  31487809|     57289|  31487809|   none  |
        |layer5_U0          |layer5          |     57289|  33459097|     57289|  33459097|   none  |
        |layer1_U0          |layer1          |       477|  31355889|       477|  31355889|   none  |
        |Loop_1_proc221_U0  |Loop_1_proc221  |     16396|     16396|     16396|     16396|   none  |
        |layer2_U0          |layer2          |  19967233|  19967233|  19967233|  19967233|   none  |
        |layer7_U0          |layer7          |  20472577|  20472577|  20472577|  20472577|   none  |
        +-------------------+----------------+----------+----------+----------+----------+---------+

        * Loop: 
        N/A



================================================================
== Utilization Estimates
================================================================
* Summary: 
+-----------------+---------+-------+--------+-------+-----+
|       Name      | BRAM_18K| DSP48E|   FF   |  LUT  | URAM|
+-----------------+---------+-------+--------+-------+-----+
|DSP              |        -|      -|       -|      -|    -|
|Expression       |        -|      -|       -|      -|    -|
|FIFO             |        0|      -|     280|    960|    -|
|Instance         |      167|     10|   12440|  38533|    0|
|Memory           |        -|      -|       -|      -|    -|
|Multiplexer      |        -|      -|       -|      -|    -|
|Register         |        -|      -|       -|      -|    -|
+-----------------+---------+-------+--------+-------+-----+
|Total            |      167|     10|   12720|  39493|    0|
+-----------------+---------+-------+--------+-------+-----+
|Available        |      280|    220|  106400|  53200|    0|
+-----------------+---------+-------+--------+-------+-----+
|Utilization (%)  |       59|      4|      11|     74|    0|
+-----------------+---------+-------+--------+-------+-----+

+ Detail: 
    * Instance: 
    +----------------------------------+--------------------------------+---------+-------+------+-------+-----+
    |             Instance             |             Module             | BRAM_18K| DSP48E|  FF  |  LUT  | URAM|
    +----------------------------------+--------------------------------+---------+-------+------+-------+-----+
    |FSRCNN_scalar_parameters_s_axi_U  |FSRCNN_scalar_parameters_s_axi  |        0|      0|    66|     76|    0|
    |Loop_1_proc221_U0                 |Loop_1_proc221                  |        0|      0|  1306|   2726|    0|
    |layer1_U0                         |layer1                          |       16|      3|   984|   3330|    0|
    |layer2_U0                         |layer2                          |       16|      1|   371|   1218|    0|
    |layer3_U0                         |layer3                          |       17|      1|  2798|  11723|    0|
    |layer4_U0                         |layer4                          |       17|      1|  1384|   3296|    0|
    |layer5_U0                         |layer5                          |       17|      1|  1377|   3248|    0|
    |layer6_U0                         |layer6                          |       16|      1|  1927|   4439|    0|
    |layer7_U0                         |layer7                          |       13|      1|   320|   1130|    0|
    |layer8_U0                         |layer8                          |       55|      1|  1907|   7347|    0|
    +----------------------------------+--------------------------------+---------+-------+------+-------+-----+
    |Total                             |                                |      167|     10| 12440|  38533|    0|
    +----------------------------------+--------------------------------+---------+-------+------+-------+-----+

    * DSP48E: 
    N/A

    * Memory: 
    N/A

    * FIFO: 
    +-----------------------+---------+---+----+-----+------+-----+---------+
    |          Name         | BRAM_18K| FF| LUT| URAM| Depth| Bits| Size:D*B|
    +-----------------------+---------+---+----+-----+------+-----+---------+
    |corr1_out_V_data_V_U   |        0|  5|   0|    -|     2|   12|       24|
    |corr1_out_V_dest_V_U   |        0|  5|   0|    -|     2|    1|        2|
    |corr1_out_V_id_V_U     |        0|  5|   0|    -|     2|    1|        2|
    |corr1_out_V_keep_V_U   |        0|  5|   0|    -|     2|    4|        8|
    |corr1_out_V_last_V_U   |        0|  5|   0|    -|     2|    1|        2|
    |corr1_out_V_user_V_U   |        0|  5|   0|    -|     2|    1|        2|
    |corr1_out_V_valid_V_U  |        0|  5|   0|    -|     2|    1|        2|
    |corr2_out_V_data_V_U   |        0|  5|   0|    -|     2|   12|       24|
    |corr2_out_V_dest_V_U   |        0|  5|   0|    -|     2|    1|        2|
    |corr2_out_V_id_V_U     |        0|  5|   0|    -|     2|    1|        2|
    |corr2_out_V_keep_V_U   |        0|  5|   0|    -|     2|    4|        8|
    |corr2_out_V_last_V_U   |        0|  5|   0|    -|     2|    1|        2|
    |corr2_out_V_user_V_U   |        0|  5|   0|    -|     2|    1|        2|
    |corr2_out_V_valid_V_U  |        0|  5|   0|    -|     2|    1|        2|
    |corr3_out_V_data_V_U   |        0|  5|   0|    -|     2|   12|       24|
    |corr3_out_V_dest_V_U   |        0|  5|   0|    -|     2|    1|        2|
    |corr3_out_V_id_V_U     |        0|  5|   0|    -|     2|    1|        2|
    |corr3_out_V_keep_V_U   |        0|  5|   0|    -|     2|    4|        8|
    |corr3_out_V_last_V_U   |        0|  5|   0|    -|     2|    1|        2|
    |corr3_out_V_user_V_U   |        0|  5|   0|    -|     2|    1|        2|
    |corr3_out_V_valid_V_U  |        0|  5|   0|    -|     2|    1|        2|
    |corr4_out_V_data_V_U   |        0|  5|   0|    -|     2|   12|       24|
    |corr4_out_V_dest_V_U   |        0|  5|   0|    -|     2|    1|        2|
    |corr4_out_V_id_V_U     |        0|  5|   0|    -|     2|    1|        2|
    |corr4_out_V_keep_V_U   |        0|  5|   0|    -|     2|    4|        8|
    |corr4_out_V_last_V_U   |        0|  5|   0|    -|     2|    1|        2|
    |corr4_out_V_user_V_U   |        0|  5|   0|    -|     2|    1|        2|
    |corr4_out_V_valid_V_U  |        0|  5|   0|    -|     2|    1|        2|
    |corr5_out_V_data_V_U   |        0|  5|   0|    -|     2|   12|       24|
    |corr5_out_V_dest_V_U   |        0|  5|   0|    -|     2|    1|        2|
    |corr5_out_V_id_V_U     |        0|  5|   0|    -|     2|    1|        2|
    |corr5_out_V_keep_V_U   |        0|  5|   0|    -|     2|    4|        8|
    |corr5_out_V_last_V_U   |        0|  5|   0|    -|     2|    1|        2|
    |corr5_out_V_user_V_U   |        0|  5|   0|    -|     2|    1|        2|
    |corr5_out_V_valid_V_U  |        0|  5|   0|    -|     2|    1|        2|
    |corr6_out_V_data_V_U   |        0|  5|   0|    -|     2|   12|       24|
    |corr6_out_V_dest_V_U   |        0|  5|   0|    -|     2|    1|        2|
    |corr6_out_V_id_V_U     |        0|  5|   0|    -|     2|    1|        2|
    |corr6_out_V_keep_V_U   |        0|  5|   0|    -|     2|    4|        8|
    |corr6_out_V_last_V_U   |        0|  5|   0|    -|     2|    1|        2|
    |corr6_out_V_user_V_U   |        0|  5|   0|    -|     2|    1|        2|
    |corr6_out_V_valid_V_U  |        0|  5|   0|    -|     2|    1|        2|
    |corr7_out_V_data_V_U   |        0|  5|   0|    -|     2|   12|       24|
    |corr7_out_V_dest_V_U   |        0|  5|   0|    -|     2|    1|        2|
    |corr7_out_V_id_V_U     |        0|  5|   0|    -|     2|    1|        2|
    |corr7_out_V_keep_V_U   |        0|  5|   0|    -|     2|    4|        8|
    |corr7_out_V_last_V_U   |        0|  5|   0|    -|     2|    1|        2|
    |corr7_out_V_user_V_U   |        0|  5|   0|    -|     2|    1|        2|
    |corr7_out_V_valid_V_U  |        0|  5|   0|    -|     2|    1|        2|
    |corr8_out_V_data_V_U   |        0|  5|   0|    -|     2|   12|       24|
    |corr8_out_V_dest_V_U   |        0|  5|   0|    -|     2|    1|        2|
    |corr8_out_V_id_V_U     |        0|  5|   0|    -|     2|    1|        2|
    |corr8_out_V_keep_V_U   |        0|  5|   0|    -|     2|    4|        8|
    |corr8_out_V_last_V_U   |        0|  5|   0|    -|     2|    1|        2|
    |corr8_out_V_user_V_U   |        0|  5|   0|    -|     2|    1|        2|
    |corr8_out_V_valid_V_U  |        0|  5|   0|    -|     2|    1|        2|
    +-----------------------+---------+---+----+-----+------+-----+---------+
    |Total                  |        0|280|   0|    0|   112|  168|      336|
    +-----------------------+---------+---+----+-----+------+-----+---------+

    * Expression: 
    N/A

    * Multiplexer: 
    N/A

    * Register: 
    N/A



================================================================
== Interface
================================================================
* Summary: 
+---------------------------------+-----+-----+--------------+---------------------+--------------+
|            RTL Ports            | Dir | Bits|   Protocol   |    Source Object    |    C Type    |
+---------------------------------+-----+-----+--------------+---------------------+--------------+
|s_axi_scalar_parameters_AWVALID  |  in |    1|     s_axi    |  scalar_parameters  |    scalar    |
|s_axi_scalar_parameters_AWREADY  | out |    1|     s_axi    |  scalar_parameters  |    scalar    |
|s_axi_scalar_parameters_AWADDR   |  in |    6|     s_axi    |  scalar_parameters  |    scalar    |
|s_axi_scalar_parameters_WVALID   |  in |    1|     s_axi    |  scalar_parameters  |    scalar    |
|s_axi_scalar_parameters_WREADY   | out |    1|     s_axi    |  scalar_parameters  |    scalar    |
|s_axi_scalar_parameters_WDATA    |  in |   32|     s_axi    |  scalar_parameters  |    scalar    |
|s_axi_scalar_parameters_WSTRB    |  in |    4|     s_axi    |  scalar_parameters  |    scalar    |
|s_axi_scalar_parameters_ARVALID  |  in |    1|     s_axi    |  scalar_parameters  |    scalar    |
|s_axi_scalar_parameters_ARREADY  | out |    1|     s_axi    |  scalar_parameters  |    scalar    |
|s_axi_scalar_parameters_ARADDR   |  in |    6|     s_axi    |  scalar_parameters  |    scalar    |
|s_axi_scalar_parameters_RVALID   | out |    1|     s_axi    |  scalar_parameters  |    scalar    |
|s_axi_scalar_parameters_RREADY   |  in |    1|     s_axi    |  scalar_parameters  |    scalar    |
|s_axi_scalar_parameters_RDATA    | out |   32|     s_axi    |  scalar_parameters  |    scalar    |
|s_axi_scalar_parameters_RRESP    | out |    2|     s_axi    |  scalar_parameters  |    scalar    |
|s_axi_scalar_parameters_BVALID   | out |    1|     s_axi    |  scalar_parameters  |    scalar    |
|s_axi_scalar_parameters_BREADY   |  in |    1|     s_axi    |  scalar_parameters  |    scalar    |
|s_axi_scalar_parameters_BRESP    | out |    2|     s_axi    |  scalar_parameters  |    scalar    |
|ap_clk                           |  in |    1| ap_ctrl_none |        FSRCNN       | return value |
|ap_rst_n                         |  in |    1| ap_ctrl_none |        FSRCNN       | return value |
|stream_in_TDATA                  |  in |   32|     axis     |  stream_in_V_data_V |    pointer   |
|stream_in_TKEEP                  |  in |    4|     axis     |  stream_in_V_keep_V |    pointer   |
|stream_in_TSTRB                  |  in |    4|     axis     |  stream_in_V_strb_V |    pointer   |
|stream_in_TUSER                  |  in |    1|     axis     |  stream_in_V_user_V |    pointer   |
|stream_in_TLAST                  |  in |    1|     axis     |  stream_in_V_last_V |    pointer   |
|stream_in_TID                    |  in |    1|     axis     |   stream_in_V_id_V  |    pointer   |
|stream_in_TDEST                  |  in |    1|     axis     |  stream_in_V_dest_V |    pointer   |
|stream_in_TVALID                 |  in |    1|     axis     |  stream_in_V_dest_V |    pointer   |
|stream_in_TREADY                 | out |    1|     axis     |  stream_in_V_dest_V |    pointer   |
|stream_out_TDATA                 | out |   32|     axis     | stream_out_V_data_V |    pointer   |
|stream_out_TKEEP                 | out |    4|     axis     | stream_out_V_keep_V |    pointer   |
|stream_out_TSTRB                 | out |    4|     axis     | stream_out_V_strb_V |    pointer   |
|stream_out_TUSER                 | out |    1|     axis     | stream_out_V_user_V |    pointer   |
|stream_out_TLAST                 | out |    1|     axis     | stream_out_V_last_V |    pointer   |
|stream_out_TID                   | out |    1|     axis     |  stream_out_V_id_V  |    pointer   |
|stream_out_TDEST                 | out |    1|     axis     | stream_out_V_dest_V |    pointer   |
|stream_out_TVALID                | out |    1|     axis     | stream_out_V_dest_V |    pointer   |
|stream_out_TREADY                |  in |    1|     axis     | stream_out_V_dest_V |    pointer   |
+---------------------------------+-----+-----+--------------+---------------------+--------------+

